// Jest Snapshot v1, https://goo.gl/fbAQLP

exports[`<EmptyView /> renders correctly 1`] = `
<View
  style={
    {
      "alignItems": "center",
      "height": 800.4,
      "justifyContent": "center",
      "width": 750,
    }
  }
>
  <Text
    style={
      [
        {
          "color": "#c9c9c9",
          "fontSize": 16,
          "fontWeight": "300",
          "margin": 0,
          "textAlign": "center",
        },
        {},
      ]
    }
    testID="text"
  >
    No Todo's Found
  </Text>
</View>
`;
