// Jest Snapshot v1, https://goo.gl/fbAQLP

exports[`<LoadingView /> renders correctly 1`] = `
<View
  style={
    {
      "alignItems": "center",
      "flex": 1,
      "justifyContent": "center",
      "position": "absolute",
    }
  }
>
  <View
    style={
      {
        "backgroundColor": "#000000",
        "height": 1334,
        "opacity": 0.3,
        "position": "absolute",
        "width": 750,
        "zIndex": 9999999,
      }
    }
  />
  <ActivityIndicator
    color="#000000"
    size="small"
  />
</View>
`;
